-- Test basic hash functionality with text
SELECT lookup3('hello world');
  lookup3   
------------
 1252609637
(1 row)

-- Test hash with different text inputs
SELECT lookup3('test string');
  lookup3  
-----------
 546331042
(1 row)

SELECT lookup3('another test');
   lookup3   
-------------
 -2135089103
(1 row)

-- Test text input with custom initval
SELECT lookup3('hello world', 42);
  lookup3   
------------
 -419950101
(1 row)

SELECT lookup3('hello world', 123);
  lookup3   
------------
 -656773485
(1 row)

-- Test bytea input
SELECT lookup3('hello world'::bytea);
  lookup3   
------------
 1252609637
(1 row)

-- Test bytea input with custom initval
SELECT lookup3('hello world'::bytea, 42);
  lookup3   
------------
 -419950101
(1 row)

-- Test integer input
SELECT lookup3(12345);
  lookup3   
------------
 1490861095
(1 row)

SELECT lookup3(-12345);
  lookup3   
------------
 -983645695
(1 row)

-- Test integer input with custom initval
SELECT lookup3(12345, 42);
  lookup3   
------------
 -483149855
(1 row)

SELECT lookup3(-12345, 123);
   lookup3   
-------------
 -1537810365
(1 row)

-- Test consistency (same input should give same hash)
SELECT lookup3('consistent test') = lookup3('consistent test');
 ?column? 
----------
 t
(1 row)

-- Test initval effect (same input, different initvals should give different hashes)
SELECT lookup3('initval test', 1) != lookup3('initval test', 2);
 ?column? 
----------
 t
(1 row)

-- Test function properties
SELECT 
    proname,
    provolatile,
    proisstrict
FROM pg_proc 
WHERE proname = 'lookup3'
ORDER BY proname, proargtypes;
 proname | provolatile | proisstrict 
---------+-------------+-------------
 lookup3 | i           | t
 lookup3 | i           | t
 lookup3 | i           | t
 lookup3 | i           | t
 lookup3 | i           | t
 lookup3 | i           | t
(6 rows)

-- Test extension metadata
SELECT 
    extname,
    extversion
FROM pg_extension 
WHERE extname = 'hashlib';
 extname | extversion 
---------+------------
 hashlib | 0.0.1
(1 row)
